I'm sorry, but errors were detected in your script. Please correct the
errors listed below, and try again.


File "game/script.rpy", line 81: invalid syntax
    define config.nvl_list_length = 173
                 ^
    

Ren'Py Version: Ren'Py 6.99.11.1749
